// Jest Snapshot v1, https://goo.gl/fbAQLP

exports[`With Snapshot Testing full snapshot 1`] = `
<div
  className="Wrapper-sc-1axzgde-0 eajKZs"
>
  <div
    className="Box-sc-1axzgde-1 eDkwhl"
  >
    <h1
      className="Title-sc-1g21ci3-0 hTAgCE"
    >
      Hello world!
    </h1>
    <div
      className="Image-jn44e3-0 hvdTEA"
    >
      <img
        alt="Smile"
        src="test-file-stub"
      />
    </div>
    <a
      href="/test/5?queryId=8"
      onClick={[Function]}
    >
      route=“/test/5?queryId=8“
    </a>
    <br />
    <a
      href="/test/7?queryId=9"
      onClick={[Function]}
    >
      route=“testurl“ params={{ id: 7, queryId: 9 }}
    </a>
  </div>
  <div
    className="Box-sc-68600l-0 flGqvX"
  >
    <h5>
      Redux global state
    </h5>
    <button
      className="btn btn-primary"
      onClick={[Function]}
      type="button"
    >
      Add count
    </button>
     
    <button
      className="btn btn-outline-secondary"
      onClick={[Function]}
      type="button"
    >
      Clear count
    </button>
    <br />
    <br />
    <div>
      Counter: 
      0
    </div>
    <div>
      Loading...
    </div>
  </div>
</div>
`;

exports[`With Snapshot Testing shallow snapshot 1`] = `
<CounterPage>
  <SideEffect(Head)>
    <title>
      Hello world!
    </title>
  </SideEffect(Head)>
  <Title>
    Hello world!
  </Title>
  <Image>
    <img
      alt="Smile"
      src="test-file-stub"
    />
  </Image>
  <LinkRoutes
    route="/test/5?queryId=8"
  >
    <a>
      route=“/test/5?queryId=8“
    </a>
  </LinkRoutes>
  <br />
  <LinkRoutes
    params={
      Object {
        "id": 7,
        "queryId": 9,
      }
    }
    route="testurl"
  >
    <a>
      route=“testurl“ params={{ id: 7, queryId: 9 }}
    </a>
  </LinkRoutes>
</CounterPage>
`;
